// Jest Snapshot v1, https://goo.gl/fbAQLP

exports[`BurgerSearch should be rendered correctly 1`] = `
<DocumentFragment>
  <div
    class="root groupHeader uui-burger-group-header"
  >
    <hr
      class="line"
    />
    <span
      class="groupName"
    >
      Test
    </span>
  </div>
</DocumentFragment>
`;
