// Jest Snapshot v1, https://goo.gl/fbAQLP

exports[`GlobalMenu should be rendered correctly 1`] = `
<DocumentFragment>
  <button
    class="globalMenuBtn"
    id="global_menu_toggle"
  >
    <div
      class="container uui-icon uui-enabled globalMenuIcon"
    >
      <svg
        class=""
        height="36"
        width="36"
      />
    </div>
  </button>
</DocumentFragment>
`;
