// Jest Snapshot v1, https://goo.gl/fbAQLP

exports[`FlexSpacer should be rendered correctly 1`] = `
<DocumentFragment>
  <div
    class="flexSpacer"
  />
</DocumentFragment>
`;
