// Jest Snapshot v1, https://goo.gl/fbAQLP

exports[`PresetActionsDropdown should render correctly 1`] = `
<DocumentFragment>
  <button
    class="uui-button-box uui-enabled -clickable container uui-icon_button uui-color-primary root tabButton"
    tabindex="0"
    type="button"
  >
    <div
      class="container uui-icon uui-enabled"
    >
      <svg
        class=""
        height="18"
        width="18"
      />
    </div>
  </button>
</DocumentFragment>
`;
