// Jest Snapshot v1, https://goo.gl/fbAQLP

exports[`Calendar should be rendered correctly 1`] = `Promise {}`;
