// Jest Snapshot v1, https://goo.gl/fbAQLP

exports[`DataPicker should be rendered correctly 1`] = `
<DocumentFragment>
  <div
    class="uui-datepicker-container uui-size-36"
  >
    <div
      class="root uui-datepicker-body-wrapper"
    >
      <div
        class="root uui-datepicker-header-container"
      >
        <header
          class="uui-datepicker-header-nav"
        >
          <button
            aria-disabled="false"
            class="uui-button-box uui-enabled -clickable container root uui-button uui-fill-ghost uui-color-secondary uui-size-36 uui-datepicker-header-nav-icon-left"
            tabindex="0"
            type="button"
          >
            <div
              class="container uui-icon uui-enabled"
            >
              <svg
                class=""
              />
            </div>
          </button>
          <button
            class="uui-button-box uui-enabled -clickable container root uui-button uui-fill-ghost uui-color-primary uui-size-36 uui-datepicker-header-nav-title"
            tabindex="0"
            type="button"
          >
            <div
              class="uui-caption"
            >
              January 2017
            </div>
          </button>
          <button
            aria-disabled="false"
            class="uui-button-box uui-enabled -clickable container root uui-button uui-fill-ghost uui-color-secondary uui-size-36 uui-datepicker-header-nav-icon-right"
            tabindex="0"
            type="button"
          >
            <div
              class="container uui-icon uui-enabled"
            >
              <svg
                class=""
              />
            </div>
          </button>
        </header>
      </div>
      <div
        class="container uui-calendar-container root uui-size-36"
      >
        <div
          class="uui-calendar-content"
        >
          <div
            class="uui-calendar-weekdays-container"
          >
            <div
              class="uui-calendar-weekday"
            >
              Mon
            </div>
            <div
              class="uui-calendar-weekday"
            >
              Tue
            </div>
            <div
              class="uui-calendar-weekday"
            >
              Wed
            </div>
            <div
              class="uui-calendar-weekday"
            >
              Thu
            </div>
            <div
              class="uui-calendar-weekday"
            >
              Fri
            </div>
            <div
              class="uui-calendar-weekday"
            >
              Sat
            </div>
            <div
              class="uui-calendar-weekday"
            >
              Sun
            </div>
          </div>
          <div
            class="uui-calendar-days"
          >
            <div>
              <div
                class="uui-calendar-day-cell"
                tabindex="-1"
              />
              <div
                class="uui-calendar-day-cell"
                tabindex="-1"
              />
              <div
                class="uui-calendar-day-cell"
                tabindex="-1"
              />
              <div
                class="uui-calendar-day-cell"
                tabindex="-1"
              />
              <div
                class="uui-calendar-day-cell"
                tabindex="-1"
              />
              <div
                class="uui-calendar-day-cell"
                tabindex="-1"
              />
              <div
                class="uui-calendar-day-cell"
              >
                <div
                  class="uui-calendar-clickable-day -clickable uui-calendar-day-wrapper uui-calendar-day-holiday"
                  data-date="2017-01-01"
                  tabindex="0"
                >
                  <div
                    class="uui-calendar-day"
                  >
                    1
                  </div>
                </div>
              </div>
            </div>
            <div>
              <div
                class="uui-calendar-day-cell"
              >
                <div
                  aria-selected="true"
                  class="uui-calendar-clickable-day -clickable uui-calendar-selected-day uui-calendar-day-wrapper"
                  data-date="2017-01-02"
                  tabindex="0"
                >
                  <div
                    class="uui-calendar-day"
                  >
                    2
                  </div>
                </div>
              </div>
              <div
                class="uui-calendar-day-cell"
              >
                <div
                  class="uui-calendar-clickable-day -clickable uui-calendar-day-wrapper"
                  data-date="2017-01-03"
                  tabindex="0"
                >
                  <div
                    class="uui-calendar-day"
                  >
                    3
                  </div>
                </div>
              </div>
              <div
                class="uui-calendar-day-cell"
              >
                <div
                  class="uui-calendar-clickable-day -clickable uui-calendar-day-wrapper"
                  data-date="2017-01-04"
                  tabindex="0"
                >
                  <div
                    class="uui-calendar-day"
                  >
                    4
                  </div>
                </div>
              </div>
              <div
                class="uui-calendar-day-cell"
              >
                <div
                  class="uui-calendar-clickable-day -clickable uui-calendar-day-wrapper"
                  data-date="2017-01-05"
                  tabindex="0"
                >
                  <div
                    class="uui-calendar-day"
                  >
                    5
                  </div>
                </div>
              </div>
              <div
                class="uui-calendar-day-cell"
              >
                <div
                  class="uui-calendar-clickable-day -clickable uui-calendar-day-wrapper"
                  data-date="2017-01-06"
                  tabindex="0"
                >
                  <div
                    class="uui-calendar-day"
                  >
                    6
                  </div>
                </div>
              </div>
              <div
                class="uui-calendar-day-cell"
              >
                <div
                  class="uui-calendar-clickable-day -clickable uui-calendar-day-wrapper uui-calendar-day-holiday"
                  data-date="2017-01-07"
                  tabindex="0"
                >
                  <div
                    class="uui-calendar-day"
                  >
                    7
                  </div>
                </div>
              </div>
              <div
                class="uui-calendar-day-cell"
              >
                <div
                  class="uui-calendar-clickable-day -clickable uui-calendar-day-wrapper uui-calendar-day-holiday"
                  data-date="2017-01-08"
                  tabindex="0"
                >
                  <div
                    class="uui-calendar-day"
                  >
                    8
                  </div>
                </div>
              </div>
            </div>
            <div>
              <div
                class="uui-calendar-day-cell"
              >
                <div
                  class="uui-calendar-clickable-day -clickable uui-calendar-day-wrapper"
                  data-date="2017-01-09"
                  tabindex="0"
                >
                  <div
                    class="uui-calendar-day"
                  >
                    9
                  </div>
                </div>
              </div>
              <div
                class="uui-calendar-day-cell"
              >
                <div
                  class="uui-calendar-clickable-day -clickable uui-calendar-day-wrapper"
                  data-date="2017-01-10"
                  tabindex="0"
                >
                  <div
                    class="uui-calendar-day"
                  >
                    10
                  </div>
                </div>
              </div>
              <div
                class="uui-calendar-day-cell"
              >
                <div
                  class="uui-calendar-clickable-day -clickable uui-calendar-day-wrapper"
                  data-date="2017-01-11"
                  tabindex="0"
                >
                  <div
                    class="uui-calendar-day"
                  >
                    11
                  </div>
                </div>
              </div>
              <div
                class="uui-calendar-day-cell"
              >
                <div
                  class="uui-calendar-clickable-day -clickable uui-calendar-day-wrapper"
                  data-date="2017-01-12"
                  tabindex="0"
                >
                  <div
                    class="uui-calendar-day"
                  >
                    12
                  </div>
                </div>
              </div>
              <div
                class="uui-calendar-day-cell"
              >
                <div
                  class="uui-calendar-clickable-day -clickable uui-calendar-day-wrapper"
                  data-date="2017-01-13"
                  tabindex="0"
                >
                  <div
                    class="uui-calendar-day"
                  >
                    13
                  </div>
                </div>
              </div>
              <div
                class="uui-calendar-day-cell"
              >
                <div
                  class="uui-calendar-clickable-day -clickable uui-calendar-day-wrapper uui-calendar-day-holiday"
                  data-date="2017-01-14"
                  tabindex="0"
                >
                  <div
                    class="uui-calendar-day"
                  >
                    14
                  </div>
                </div>
              </div>
              <div
                class="uui-calendar-day-cell"
              >
                <div
                  class="uui-calendar-clickable-day -clickable uui-calendar-day-wrapper uui-calendar-day-holiday"
                  data-date="2017-01-15"
                  tabindex="0"
                >
                  <div
                    class="uui-calendar-day"
                  >
                    15
                  </div>
                </div>
              </div>
            </div>
            <div>
              <div
                class="uui-calendar-day-cell"
              >
                <div
                  class="uui-calendar-clickable-day -clickable uui-calendar-day-wrapper"
                  data-date="2017-01-16"
                  tabindex="0"
                >
                  <div
                    class="uui-calendar-day"
                  >
                    16
                  </div>
                </div>
              </div>
              <div
                class="uui-calendar-day-cell"
              >
                <div
                  class="uui-calendar-clickable-day -clickable uui-calendar-day-wrapper"
                  data-date="2017-01-17"
                  tabindex="0"
                >
                  <div
                    class="uui-calendar-day"
                  >
                    17
                  </div>
                </div>
              </div>
              <div
                class="uui-calendar-day-cell"
              >
                <div
                  class="uui-calendar-clickable-day -clickable uui-calendar-day-wrapper"
                  data-date="2017-01-18"
                  tabindex="0"
                >
                  <div
                    class="uui-calendar-day"
                  >
                    18
                  </div>
                </div>
              </div>
              <div
                class="uui-calendar-day-cell"
              >
                <div
                  class="uui-calendar-clickable-day -clickable uui-calendar-day-wrapper"
                  data-date="2017-01-19"
                  tabindex="0"
                >
                  <div
                    class="uui-calendar-day"
                  >
                    19
                  </div>
                </div>
              </div>
              <div
                class="uui-calendar-day-cell"
              >
                <div
                  class="uui-calendar-clickable-day -clickable uui-calendar-day-wrapper"
                  data-date="2017-01-20"
                  tabindex="0"
                >
                  <div
                    class="uui-calendar-day"
                  >
                    20
                  </div>
                </div>
              </div>
              <div
                class="uui-calendar-day-cell"
              >
                <div
                  class="uui-calendar-clickable-day -clickable uui-calendar-day-wrapper uui-calendar-day-holiday"
                  data-date="2017-01-21"
                  tabindex="0"
                >
                  <div
                    class="uui-calendar-day"
                  >
                    21
                  </div>
                </div>
              </div>
              <div
                class="uui-calendar-day-cell"
              >
                <div
                  class="uui-calendar-clickable-day -clickable uui-calendar-day-wrapper uui-calendar-day-holiday"
                  data-date="2017-01-22"
                  tabindex="0"
                >
                  <div
                    class="uui-calendar-day"
                  >
                    22
                  </div>
                </div>
              </div>
            </div>
            <div>
              <div
                class="uui-calendar-day-cell"
              >
                <div
                  class="uui-calendar-clickable-day -clickable uui-calendar-day-wrapper"
                  data-date="2017-01-23"
                  tabindex="0"
                >
                  <div
                    class="uui-calendar-day"
                  >
                    23
                  </div>
                </div>
              </div>
              <div
                class="uui-calendar-day-cell"
              >
                <div
                  class="uui-calendar-clickable-day -clickable uui-calendar-day-wrapper"
                  data-date="2017-01-24"
                  tabindex="0"
                >
                  <div
                    class="uui-calendar-day"
                  >
                    24
                  </div>
                </div>
              </div>
              <div
                class="uui-calendar-day-cell"
              >
                <div
                  class="uui-calendar-clickable-day -clickable uui-calendar-day-wrapper"
                  data-date="2017-01-25"
                  tabindex="0"
                >
                  <div
                    class="uui-calendar-day"
                  >
                    25
                  </div>
                </div>
              </div>
              <div
                class="uui-calendar-day-cell"
              >
                <div
                  class="uui-calendar-clickable-day -clickable uui-calendar-day-wrapper"
                  data-date="2017-01-26"
                  tabindex="0"
                >
                  <div
                    class="uui-calendar-day"
                  >
                    26
                  </div>
                </div>
              </div>
              <div
                class="uui-calendar-day-cell"
              >
                <div
                  class="uui-calendar-clickable-day -clickable uui-calendar-day-wrapper"
                  data-date="2017-01-27"
                  tabindex="0"
                >
                  <div
                    class="uui-calendar-day"
                  >
                    27
                  </div>
                </div>
              </div>
              <div
                class="uui-calendar-day-cell"
              >
                <div
                  class="uui-calendar-clickable-day -clickable uui-calendar-day-wrapper uui-calendar-day-holiday"
                  data-date="2017-01-28"
                  tabindex="0"
                >
                  <div
                    class="uui-calendar-day"
                  >
                    28
                  </div>
                </div>
              </div>
              <div
                class="uui-calendar-day-cell"
              >
                <div
                  class="uui-calendar-clickable-day -clickable uui-calendar-day-wrapper uui-calendar-day-holiday"
                  data-date="2017-01-29"
                  tabindex="0"
                >
                  <div
                    class="uui-calendar-day"
                  >
                    29
                  </div>
                </div>
              </div>
            </div>
            <div>
              <div
                class="uui-calendar-day-cell"
              >
                <div
                  class="uui-calendar-clickable-day -clickable uui-calendar-day-wrapper"
                  data-date="2017-01-30"
                  tabindex="0"
                >
                  <div
                    class="uui-calendar-day"
                  >
                    30
                  </div>
                </div>
              </div>
              <div
                class="uui-calendar-day-cell"
              >
                <div
                  class="uui-calendar-clickable-day -clickable uui-calendar-day-wrapper"
                  data-date="2017-01-31"
                  tabindex="0"
                >
                  <div
                    class="uui-calendar-day"
                  >
                    31
                  </div>
                </div>
              </div>
            </div>
          </div>
        </div>
      </div>
    </div>
  </div>
</DocumentFragment>
`;
