// Jest Snapshot v1, https://goo.gl/fbAQLP

exports[`Blocker should be rendered correctly 1`] = `
<DocumentFragment>
  <div
    aria-busy="true"
    aria-label="Loading"
    aria-live="polite"
    class="container uui-blocker-container root"
    role="status"
  >
    <div
      class="uui-blocker"
    >
      <div
        class="container uui-spinner-container root uui-spinner"
      >
        <div
          class="uui-spinner-animation"
        >
          <div
            class="uui-spinner-dot uui-spinner-dot-1"
          />
          <div
            class="uui-spinner-dot uui-spinner-dot-2"
          />
          <div
            class="uui-spinner-dot uui-spinner-dot-3"
          />
        </div>
      </div>
    </div>
  </div>
</DocumentFragment>
`;
