// Jest Snapshot v1, https://goo.gl/fbAQLP

exports[`ControlGroup should be rendered correctly 1`] = `
<DocumentFragment>
  <div
    class="container root uui-control-group"
    role="group"
  >
    <button
      class="uui-button-box uui-enabled container root uui-button uui-fill-solid uui-color-primary uui-size-36"
      tabindex="-1"
      type="button"
    >
      <div
        class="uui-caption"
      >
        On
      </div>
    </button>
    <button
      class="uui-button-box uui-enabled container root uui-button uui-fill-solid uui-color-primary uui-size-36"
      tabindex="-1"
      type="button"
    >
      <div
        class="uui-caption"
      >
        Off
      </div>
    </button>
  </div>
</DocumentFragment>
`;
