// Jest Snapshot v1, https://goo.gl/fbAQLP

exports[`ColumnHeaderDropdown should be rendered correctly 1`] = `
<DocumentFragment>
  <button
    aria-expanded="true"
    aria-haspopup="true"
    class="uui-button-box uui-enabled -clickable container root uui-button uui-fill-solid uui-color-primary uui-size-36"
    tabindex="0"
    type="button"
  >
    <div
      class="uui-caption"
    >
      Test
    </div>
    <div
      class="container uui-icon uui-enabled"
    >
      <svg
        class="flipY"
      />
    </div>
  </button>
  <div
    aria-hidden="false"
    class="uui-popper"
    data-placement="top-start"
    role="dialog"
    style="position: fixed; top: -1px; left: 0px; z-index: 2000;"
  >
    <div
      class="uui-dropdown-body -lock-focus root container container"
      style="min-width: 280px; max-width: auto;"
      tabindex="-1"
    >
      <div
        class="flexCell sortingPanelContainer uui-dropdownMenu-body"
        style="min-width: 0; flex-basis: 0px;"
      >
        <div
          class="itemRoot uui-active -clickable"
          role="menuitem"
          tabindex="0"
        >
          <button
            class="uui-button-box uui-enabled container uui-icon_button uui-color-primary root icon iconBefore"
            tabindex="-1"
            type="button"
          >
            <div
              class="container uui-icon uui-enabled"
            >
              <svg
                class=""
              />
            </div>
          </button>
          <div
            class="container"
          >
            Sort Ascending
          </div>
        </div>
        <div
          class="itemRoot -clickable"
          role="menuitem"
          tabindex="0"
        >
          <button
            class="uui-button-box uui-enabled container uui-icon_button uui-color-neutral root icon iconBefore"
            tabindex="-1"
            type="button"
          >
            <div
              class="container uui-icon uui-enabled"
            >
              <svg
                class=""
              />
            </div>
          </button>
          <div
            class="container"
          >
            Sort Descending
          </div>
        </div>
      </div>
      <div>
        Picker
      </div>
    </div>
  </div>
</DocumentFragment>
`;
