// Jest Snapshot v1, https://goo.gl/fbAQLP

exports[`should be rendered correctly 1`] = `
<DocumentFragment>
  <div
    class="container root uui-control-group"
    role="tablist"
  >
    <button
      aria-current="true"
      class="uui-button-box uui-enabled -clickable container root uui-button uui-fill-solid uui-color-primary uui-size-36"
      role="tab"
      tabindex="0"
      type="button"
    >
      <div
        class="uui-caption"
      >
        On
      </div>
    </button>
    <button
      aria-current="false"
      class="uui-button-box uui-enabled -clickable container root uui-button uui-fill-outline uui-color-primary uui-size-36"
      role="tab"
      tabindex="0"
      type="button"
    >
      <div
        class="uui-caption"
      >
        Off
      </div>
    </button>
  </div>
</DocumentFragment>
`;
