// Jest Snapshot v1, https://goo.gl/fbAQLP

exports[`AvatarStack should be rendered correctly 1`] = `
<DocumentFragment>
  <div
    class="root root"
  >
    <div
      class="uui-avatar_stack-avatars container avatar-right"
      role="group"
      style="--overlap: -9px;"
    >
      <img
        alt="avatar"
        class="avatar"
        height="36"
        src="https://api.dicebear.com/7.x/pixel-art/svg?seed=Coco&radius=50&backgroundColor=b6e3f4"
        width="36"
      />
      <img
        alt="avatar"
        class="avatar"
        height="36"
        src="https://api.dicebear.com/7.x/pixel-art/svg?seed=Coco&radius=50&backgroundColor=b6e3f4"
        width="36"
      />
      <img
        alt="avatar"
        class="avatar"
        height="36"
        src="https://api.dicebear.com/7.x/pixel-art/svg?seed=Coco&radius=50&backgroundColor=b6e3f4"
        width="36"
      />
    </div>
    <div
      class="uui-avatar_stack-count"
    >
      +2
    </div>
  </div>
</DocumentFragment>
`;
