// Jest Snapshot v1, https://goo.gl/fbAQLP

exports[`Badge should be rendered correctly 1`] = `
<DocumentFragment>
  <span
    class="uui-button-box uui-enabled uui-badge root uui-size-36 uui-fill-solid uui-color-info"
    tabindex="-1"
  />
</DocumentFragment>
`;

exports[`Badge should be rendered correctly with props 1`] = `
<DocumentFragment>
  <button
    aria-haspopup="true"
    class="uui-button-box uui-enabled -clickable uui-badge root uui-size-36 uui-fill-solid uui-color-success"
    tabindex="0"
    type="button"
  >
    <div
      class="container uui-icon uui-enabled -clickable"
    >
      <svg
        class=""
      />
    </div>
    <div
      class="uui-caption"
    >
      Test badge
    </div>
    <div
      class="root uui-count_indicator uui-size-18"
    >
      12
    </div>
    <div
      class="container uui-icon uui-enabled"
    >
      <svg
        class=""
      />
    </div>
  </button>
</DocumentFragment>
`;
