// Jest Snapshot v1, https://goo.gl/fbAQLP

exports[`Dropdown should be rendered correctly 1`] = `
<DocumentFragment>
  <button
    aria-expanded="false"
    aria-haspopup="true"
    class="uui-button-box uui-enabled -clickable container root uui-button uui-fill-solid uui-color-primary uui-size-36"
    tabindex="0"
    type="button"
  >
    <div
      class="uui-caption"
    >
      Test
    </div>
    <div
      class="container uui-icon uui-enabled"
    >
      <svg
        class=""
      />
    </div>
  </button>
</DocumentFragment>
`;

exports[`Dropdown should be rendered correctly with more props 1`] = `
<DocumentFragment>
  <button
    aria-expanded="false"
    aria-haspopup="true"
    class="uui-button-box uui-enabled -clickable container root uui-button uui-fill-solid uui-color-primary uui-size-36"
    tabindex="0"
    type="button"
  >
    <div
      class="uui-caption"
    >
      Test
    </div>
    <div
      class="container uui-icon uui-enabled"
    >
      <svg
        class=""
      />
    </div>
  </button>
</DocumentFragment>
`;
