// Jest Snapshot v1, https://goo.gl/fbAQLP

exports[`DropdownMenu should be rendered DropdownMenuBody correctly 1`] = `
<DocumentFragment>
  <div
    class="uui-dropdown-body -lock-focus root uui-dropdownMenu-body container"
    role="menu"
    tabindex="-1"
  >
    <div
      class="itemRoot"
      role="menuitem"
      tabindex="0"
    >
      <div
        class="container"
      >
        Menu Item in Submenu
      </div>
    </div>
    <div
      class="splitterRoot"
    >
      <hr
        class="splitter"
      />
    </div>
    <div
      class="uui-dropdown-menu-header headerRoot"
    >
      <span
        class="header"
      >
        An example of DropdownMenuHeader
      </span>
    </div>
    <div
      class="submenuRootItem itemRoot"
      role="menuitem"
      tabindex="0"
    >
      <div
        class="container"
      >
        One More SubMenu
      </div>
      <div
        class="flexSpacer"
      />
      <button
        class="uui-button-box uui-enabled container uui-icon_button uui-color-neutral root icon iconAfter"
        tabindex="-1"
        type="button"
      >
        <div
          class="container uui-icon uui-enabled"
        >
          <svg
            class=""
          />
        </div>
      </button>
    </div>
  </div>
</DocumentFragment>
`;
